
.\gradlew : 
At line:1 char:1
+ .\gradlew assembleDebug 
--console=plain > 
build_output.txt 2>&1
+ ~~~~~~~~~~~~~~~~~~~~~~~~
~~~~~~~~~~~~~~~~~~~~~~~~~~
~~~~~~~~~~~~~
    + CategoryInfo        
      : NotSpecified: (:  
  String) [], RemoteExc   
 eption
    + FullyQualifiedError 
   Id : NativeCommandErr  
  or
 
FAILURE: Build failed 
with an exception.

* What went wrong:
Could not determine the 
dependencies of task ':app
:compileDebugJavaWithJavac
'.
> SDK location not found. 
Define a valid SDK 
location with an 
ANDROID_HOME environment 
variable or by setting 
the sdk.dir path in your 
project's local 
properties file at 'C:\Use
rs\khumb\Desktop\Bio-Logge
r-1\local.properties'.

* Try:
[Incubating] Problems report is available at: file:///C:/Users/khumb/Desktop/Bio-Logger-1/build/reports/problems/problems-report.html
> Run with --stacktrace 
option to get the stack 
trace.
> Run with --info or 
--debug option to get 
more log output.
> Run with --scan to get 
full insights from a 
Build Scan (powered by 
Develocity).
> Get more help at 
https://help.gradle.org.

Deprecated Gradle features were used in this build, making it incompatible with Gradle 10.

You can use '--warning-mode all' to show the individual deprecation warnings and determine if they come from your own scripts or plugins.


For more on this, please refer to https://docs.gradle.org/9.3.1/userguide/command_line_interface.html#sec:command_line_warnings in the Gradle documentation.
BUILD FAILED in 7s
